// Jest Snapshot v1, https://goo.gl/fbAQLP

exports[`Image renders with all required prop types 1`] = `
<Fragment>
  <ImageTag
    alt="No title provided"
    onError={[Function]}
    src="https://images.pexels.com/photos/1591447/pexels-photo-1591447.jpeg?auto=compress&cs=tinysrgb&dpr=2&w=500"
  />
</Fragment>
`;
